[fibroid-solutions.netlify.app/indexa4c4.html]
[backblue.gif]
[fade.gif]
[index.html]
[fibroid-solutions.netlify.app/style.css]
[fibroid-solutions.netlify.app/img/fb.jpg]
[fibroid-solutions.netlify.app/img/fstat.jpg]
[fibroid-solutions.netlify.app/img/wfibroid.jpg]
[fibroid-solutions.netlify.app/img/fibb.jpg]
[fibroid-solutions.netlify.app/img/tes.webp]
[fibroid-solutions.netlify.app/img/test.webp]
[fibroid-solutions.netlify.app/img/testi.webp]
[fibroid-solutions.netlify.app/img/testim.webp]
[fibroid-solutions.netlify.app/img/testimo.webp]
[fibroid-solutions.netlify.app/img/testimon.webp]
[fibroid-solutions.netlify.app/img/testimony.webp]
[fibroid-solutions.netlify.app/img/testimonial.webp]
[fibroid-solutions.netlify.app/img/ab.jpg]
[fibroid-solutions.netlify.app/img/Screenshot.png]
[fibroid-solutions.netlify.app/img/p.f.delayed]
[fibroid-solutions.netlify.app/img/abcd.jpg]
[fibroid-solutions.netlify.app/img/www.png]
[fibroid-solutions.netlify.app/img/qqq.png]
[fibroid-solutions.netlify.app/img/t.png]
[fibroid-solutions.netlify.app/img/abc.jpg]
[fibroid-solutions.netlify.app/img/user7.15.delayed]
[fibroid-solutions.netlify.app/img/user9.16.delayed]
[fibroid-solutions.netlify.app/img/default-avatar.17.delayed]
[fibroid-solutions.netlify.app/indexa4c4.html]
[fibroid-solutions.netlify.app/style.css]
[fibroid-solutions.netlify.app/img/p.html]
[fibroid-solutions.netlify.app/img/user7.html]
[fibroid-solutions.netlify.app/img/user9.html]
[fibroid-solutions.netlify.app/img/default-avatar.html]
[fibroid-solutions.netlify.app/script.js]
